{
    "BWA_MEM - passes bwa tuning flags through from ext.args": {
        "content": [
            "@RG\tID:test\tSM:test\tPL:ILLUMINA\tLB:test",
            "af8628d9df18b2d3d4f6fd47ef2bb872",
            {
                "readCount": 200,
                "minQuality": 48,
                "meanQuality": 59
            }
        ],
        "meta": {
            "nf-test": "0.9.3",
            "nextflow": "26.04.6"
        },
        "timestamp": "2026-09-17T14:35:39.122876"
    },
    "BWA_MEM - aligns against a real index, recording an ILLUMINA read group": {
        "content": [
            "@RG\tID:test\tSM:test\tPL:ILLUMINA\tLB:test",
            "af8628d9df18b2d3d4f6fd47ef2bb872",
            {
                "readCount": 200,
                "minQuality": 60,
                "meanQuality": 60
            }
        ],
        "meta": {
            "nf-test": "0.9.3",
            "nextflow": "26.04.6"
        },
        "timestamp": "2026-09-17T14:35:34.822081"
    }
}